"Custom"
1
1
1
1
Variable a not used
Variable b not used
