"arithmetic"
Quads() push 10
Quads() pop a

Quads() push 10
Quads() pop b

Quads() push 2
Quads() pop c

2
Quads() push a
Quads() NEG
Quads() push 10
Quads() NEG
Quads() EQ
1
Quads() push 3
Quads() NEG
Quads() push 4
Quads() SUB
-7
Quads() push a
Quads() push b
Quads() ADD
Quads() push 20
Quads() EQ
1
Quads() push a
Quads() push b
Quads() SUB
Quads() push 0
Quads() EQ
1
Quads() push a
Quads() push b
Quads() DIV
Quads() push 1
Quads() EQ
1
Quads() push a
Quads() push c
Quads() MOD
Quads() push 0
Quads() EQ
1
Quads() push a
Quads() push b
Quads() MUL
Quads() push b
Quads() SUB
Quads() push a
Quads() push b
Quads() DIV
Quads() ADD
Quads() push 91
Quads() EQ
1
Quads() push 100
Quads() push 5
Quads() SUB
95
Quads() push 100
Quads() NEG
Quads() push 5
Quads() SUB
Quads() push 5
Quads() ADD
-100
"bitwise"
Quads() push 10
Quads() pop a

Quads() push 2
Quads() pop c

Quads() push a
Quads() push c
Quads() BITWISE_OR
Quads() push 10
Quads() EQ
1
Quads() push a
Quads() push c
Quads() BITWISE_AND
Quads() push 2
Quads() EQ
1
Quads() push a
Quads() push c
Quads() BITWISE_XOR
Quads() push 8
Quads() EQ
1
Quads() push a
Quads() push c
Quads() SHL
Quads() push 40
Quads() EQ
1
Quads() push a
Quads() push c
Quads() SHR
Quads() push 2
Quads() EQ
1
Quads() push a
Quads() COMPLEMENT
Quads() push 11
Quads() NEG
Quads() EQ
1
Quads() push a
Quads() push c
Quads() SHL
Quads() push c
Quads() SHR
Quads() push 10
Quads() EQ
1
"logic"
Quads() push 1
Quads() pop a

Quads() push 0
Quads() pop b

1
0
Quads() push a
Quads() push b
Quads() EQ
0
Quads() push a
Quads() push b
Quads() NEQ
1
Quads() push a
Quads() push b
Quads() LT
0
Quads() push a
Quads() push b
Quads() GT
1
Quads() push a
Quads() push b
Quads() LEQ
0
Quads() push a
Quads() push b
Quads() GEQ
1
"More logic"
Quads() push a
Quads() NOT
0
Quads() push 1
Quads() pop x

Quads() push 0
Quads() pop y

Quads() push x
Quads() push y
Quads() LOGICAL_AND
0
Quads() push x
Quads() push x
Quads() LOGICAL_AND
Quads() push y
Quads() LOGICAL_AND
Quads() push x
Quads() LOGICAL_OR
1
